<html>
   <body>
      
      <P>1</P>
      
      <P>2</P>
      
      <P>3</P>
      4
      
   </body>
</html>