<?xml version="1.0" encoding="UTF-8"?>
<!DOCTYPE html SYSTEM "out.dtd">
<html xmlns="http://www.w3.org/1999/xhtml"></html>