<?xml version="1.0" encoding="UTF-8"?><html xmlns="http://www.w3.org/1999/xhtml"><head><meta http-equiv="Content-Type" content="application/postscript; charset=UTF-8" />
  the head
</head><body>
 this should have a meta tag
</body></html>