<?xml version="1.0" encoding="UTF-8"?><html xmlns="http://www.w3.org/1999/xhtml">
<head><meta http-equiv="Content-Type" content="text/html; charset=UTF-8" /><title></title></head>
<body>
<h1><![CDATA[a & b]]></h1>
<h2>a &amp; b</h2>
<h3>a &amp; b</h3>
<one:h3 xmlns:one="http://ns.example.com"><![CDATA[a & b]]></one:h3>
<my:h3 xmlns:my="http://ns.example.com"><![CDATA[a & b]]></my:h3>
<h3 xmlns="http://www.mytest.example.org">a &amp; b</h3>
<h4>a &amp; b</h4>
<h5><![CDATA[a & b]]></h5>
</body></html>