<?xml version="1.0" encoding="UTF-8"?><html xmlns="http://www.w3.org/1999/xhtml"><head>
  the head
</head><body>
 this should not have a meta tag
</body></html>