<?xml version="1.0" encoding="UTF-8"?><doc><sss>number</sss>;
 <sss>zona</sss>;
 <sss>plot</sss>;
 <sss>height</sss>;
 <sss>breadth</sss>;
 <sss>width</sss>;
 <sss>form</sss>;
 <sss>material</sss>;
 <sss>cond</sss>;
 <sss>bits</sss>;
 <sss>dec</sss>;
 <sss>faces</sss>;
 <sss>number</sss>;
 <sss>zona</sss>;
 <sss>plot</sss>;
 <sss>height</sss>;
 <sss>breadth</sss>;
 <sss>width</sss>;
 <sss>form</sss>;
 <sss>material</sss>;
 <sss>cond</sss>;
 <sss>bits</sss>;
 <sss>dec</sss>;
 <sss>faces</sss>;
 </doc>