<?xml version="1.0" encoding="UTF-8"?><out xmlns:local="http://local/"><tokens><t>How nice! Thank you, I enjoyed that.:HOW</t><t>How nice! Thank you, I enjoyed that.:NICE!</t><t>How nice! Thank you, I enjoyed that.:THANK</t><t>How nice! Thank you, I enjoyed that.:YOU,</t><t>How nice! Thank you, I enjoyed that.:I</t><t>How nice! Thank you, I enjoyed that.:ENJOYED</t><t>How nice! Thank you, I enjoyed that.:THAT.</t></tokens><tokens><t>How nice! Thank you, I enjoyed that.:HOW NICE! THANK YOU</t><t>How nice! Thank you, I enjoyed that.: I ENJOYED THAT.</t></tokens><tokens><t>How nice! Thank you, I enjoyed that.:HOW NICE</t><t>How nice! Thank you, I enjoyed that.: THANK YOU, I ENJOYED THAT.</t></tokens></out>