<?xml version="1.0" encoding="iso-8859-1"?>
<out> 0 &#9352; &#9353; &#9354; &#9355; &#9356; &#9357; &#9358; &#9359; &#9360; &#9361; &#9362; &#9363; &#9364; &#9365; &#9366; &#9367; &#9368; &#9369; &#9370; &#9371; 21 22 23 24 25</out>