<?xml version="1.0" encoding="iso-8859-1"?>
<out> 0 &#9312; &#9313; &#9314; &#9315; &#9316; &#9317; &#9318; &#9319; &#9320; &#9321; &#9322; &#9323; &#9324; &#9325; &#9326; &#9327; &#9328; &#9329; &#9330; &#9331; 21 22 23 24 25</out>