<?xml version="1.0" encoding="iso-8859-1"?>
<out> 0 &#9332; &#9333; &#9334; &#9335; &#9336; &#9337; &#9338; &#9339; &#9340; &#9341; &#9342; &#9343; &#9344; &#9345; &#9346; &#9347; &#9348; &#9349; &#9350; &#9351; 21 22 23 24 25</out>